/home/PhantomHaterGrind/zchvma/SASRec/workspace/esasrec/sasrec/train.py:162: FutureWarning: You are using `torch.load` with `weights_only=False` (the current default value), which uses the default pickle module implicitly. It is possible to construct malicious pickle data which will execute arbitrary code during unpickling (See https://github.com/pytorch/pytorch/blob/main/SECURITY.md#untrusted-models for more details). In a future release, the default value for `weights_only` will be flipped to `True`. This limits the functions that could be executed during unpickling. Arbitrary objects will no longer be allowed to be loaded via this mode unless they are explicitly allowlisted by the user via `torch.serialization.add_safe_globals`. We recommend you start setting `weights_only=True` for any use case where you don't have full control of the loaded file. Please open an issue on GitHub for any issues related to this experimental feature.
  state_dict = torch.load(args.pretrain_path, map_location=device)
======================================================================
SASRec+ Training Script
======================================================================

Config:
  data_path: ../../data/ml-20m.txt
  dataset: ml-20m
  data_dir: data
  hidden_units: 256
  num_blocks: 32
  num_heads: 1
  dropout_rate: 0.1
  max_length: 100
  loss: cross_entropy
  num_negatives: None
  full_negative_sampling: False
  batch_size: 256
  lr: 0.0001
  max_epochs: 100
  patience: 10
  val_size: 10000
  top_k: [10]
  device: cuda
  num_workers: 4
  seed: 42
  save_dir: ./climax_golden/checkpoints_32b_final
  pretrain_path: ./climax_golden/stacked_32b_golden.pt

Using device: cuda
Loading data from ../../data/ml-20m.txt...
  Users: 138,493
  Items: 26,744
  Interactions: 20,000,263
  Avg seq length: 144.4
  Train users: 138,493
  Val users:   138,493
  Test users:  138,493

Model parameters: 19,537,696

[StackRec] Загрузка весов из: ./climax_golden/stacked_32b_golden.pt
[StackRec] Веса успешно загружены

======================================================================
Starting training...
======================================================================

  Evaluated 256/10000 users...
Epoch   1/100 | Loss: 4.9639 | Val HR@10: 0.3545 | Val NDCG@10: 0.2173 | Time: 98.1s * (saved)
  Evaluated 256/10000 users...
Epoch   2/100 | Loss: 4.9200 | Val HR@10: 0.3579 | Val NDCG@10: 0.2194 | Time: 107.6s * (saved)
  Evaluated 256/10000 users...
Epoch   3/100 | Loss: 4.9038 | Val HR@10: 0.3573 | Val NDCG@10: 0.2215 | Time: 111.8s * (saved)
  Evaluated 256/10000 users...
Epoch   4/100 | Loss: 4.8919 | Val HR@10: 0.3531 | Val NDCG@10: 0.2165 | Time: 117.7s
  Evaluated 256/10000 users...
Epoch   5/100 | Loss: 4.8811 | Val HR@10: 0.3562 | Val NDCG@10: 0.2187 | Time: 111.8s
  Evaluated 256/10000 users...
Epoch   6/100 | Loss: 4.8722 | Val HR@10: 0.3603 | Val NDCG@10: 0.2248 | Time: 117.5s * (saved)
  Evaluated 256/10000 users...
Epoch   7/100 | Loss: 4.8641 | Val HR@10: 0.3557 | Val NDCG@10: 0.2168 | Time: 116.4s
  Evaluated 256/10000 users...
Epoch   8/100 | Loss: 4.8568 | Val HR@10: 0.3590 | Val NDCG@10: 0.2226 | Time: 116.0s
  Evaluated 256/10000 users...
Epoch   9/100 | Loss: 4.8497 | Val HR@10: 0.3535 | Val NDCG@10: 0.2170 | Time: 113.0s
  Evaluated 256/10000 users...
Epoch  10/100 | Loss: 4.8435 | Val HR@10: 0.3566 | Val NDCG@10: 0.2182 | Time: 111.0s
  Evaluated 256/10000 users...
Epoch  11/100 | Loss: 4.8368 | Val HR@10: 0.3564 | Val NDCG@10: 0.2179 | Time: 119.7s
  Evaluated 256/10000 users...
Epoch  12/100 | Loss: 4.8307 | Val HR@10: 0.3499 | Val NDCG@10: 0.2172 | Time: 121.9s
  Evaluated 256/10000 users...
Epoch  13/100 | Loss: 4.8251 | Val HR@10: 0.3565 | Val NDCG@10: 0.2208 | Time: 118.3s
  Evaluated 256/10000 users...
Epoch  14/100 | Loss: 4.8192 | Val HR@10: 0.3557 | Val NDCG@10: 0.2189 | Time: 115.3s
  Evaluated 256/10000 users...
Epoch  15/100 | Loss: 4.8136 | Val HR@10: 0.3664 | Val NDCG@10: 0.2270 | Time: 114.5s * (saved)
  Evaluated 256/10000 users...
Epoch  16/100 | Loss: 4.8084 | Val HR@10: 0.3680 | Val NDCG@10: 0.2254 | Time: 117.6s
  Evaluated 256/10000 users...
Epoch  17/100 | Loss: 4.8026 | Val HR@10: 0.3662 | Val NDCG@10: 0.2271 | Time: 117.0s * (saved)
  Evaluated 256/10000 users...
Epoch  18/100 | Loss: 4.7971 | Val HR@10: 0.3671 | Val NDCG@10: 0.2282 | Time: 121.8s * (saved)
  Evaluated 256/10000 users...
Epoch  19/100 | Loss: 4.7927 | Val HR@10: 0.3603 | Val NDCG@10: 0.2214 | Time: 113.0s
  Evaluated 256/10000 users...
Epoch  20/100 | Loss: 4.7874 | Val HR@10: 0.3605 | Val NDCG@10: 0.2211 | Time: 113.7s
  Evaluated 256/10000 users...
Epoch  21/100 | Loss: 4.7826 | Val HR@10: 0.3670 | Val NDCG@10: 0.2304 | Time: 115.7s * (saved)
  Evaluated 256/10000 users...
Epoch  22/100 | Loss: 4.7777 | Val HR@10: 0.3633 | Val NDCG@10: 0.2238 | Time: 116.0s
  Evaluated 256/10000 users...
Epoch  23/100 | Loss: 4.7729 | Val HR@10: 0.3624 | Val NDCG@10: 0.2242 | Time: 111.4s
  Evaluated 256/10000 users...
Epoch  24/100 | Loss: 4.7684 | Val HR@10: 0.3569 | Val NDCG@10: 0.2209 | Time: 115.5s
  Evaluated 256/10000 users...
Epoch  25/100 | Loss: 4.7636 | Val HR@10: 0.3681 | Val NDCG@10: 0.2272 | Time: 116.7s
  Evaluated 256/10000 users...
Epoch  26/100 | Loss: 4.7591 | Val HR@10: 0.3516 | Val NDCG@10: 0.2188 | Time: 112.7s
  Evaluated 256/10000 users...
Epoch  27/100 | Loss: 4.7549 | Val HR@10: 0.3554 | Val NDCG@10: 0.2184 | Time: 117.9s
  Evaluated 256/10000 users...
Epoch  28/100 | Loss: 4.7507 | Val HR@10: 0.3527 | Val NDCG@10: 0.2192 | Time: 118.1s
  Evaluated 256/10000 users...
Epoch  29/100 | Loss: 4.7462 | Val HR@10: 0.3534 | Val NDCG@10: 0.2213 | Time: 117.2s
  Evaluated 256/10000 users...
Epoch  30/100 | Loss: 4.7423 | Val HR@10: 0.3636 | Val NDCG@10: 0.2242 | Time: 113.0s
  Evaluated 256/10000 users...
/home/PhantomHaterGrind/zchvma/SASRec/workspace/esasrec/sasrec/train.py:221: FutureWarning: You are using `torch.load` with `weights_only=False` (the current default value), which uses the default pickle module implicitly. It is possible to construct malicious pickle data which will execute arbitrary code during unpickling (See https://github.com/pytorch/pytorch/blob/main/SECURITY.md#untrusted-models for more details). In a future release, the default value for `weights_only` will be flipped to `True`. This limits the functions that could be executed during unpickling. Arbitrary objects will no longer be allowed to be loaded via this mode unless they are explicitly allowlisted by the user via `torch.serialization.add_safe_globals`. We recommend you start setting `weights_only=True` for any use case where you don't have full control of the loaded file. Please open an issue on GitHub for any issues related to this experimental feature.
  model.load_state_dict(torch.load(best_path, map_location=device))
Epoch  31/100 | Loss: 4.7380 | Val HR@10: 0.3704 | Val NDCG@10: 0.2281 | Time: 122.2s

Early stopping at epoch 31 (patience=10)

Total training time: 3721.0s (62.0min)
Best validation NDCG@10: 0.2304

======================================================================
Final evaluation on test set (full-catalog ranking)...
======================================================================


--- Test metrics @10 ---
  Evaluated 256/138493 users...
  Evaluated 13056/138493 users...
  Evaluated 25856/138493 users...
  Evaluated 38656/138493 users...
  Evaluated 51456/138493 users...
  Evaluated 64256/138493 users...
  Evaluated 77056/138493 users...
  Evaluated 89856/138493 users...
  Evaluated 102656/138493 users...
  Evaluated 115456/138493 users...
  Evaluated 128256/138493 users...
  HR@10: 0.3217
  NDCG@10: 0.2005
  MRR@10: 0.1633

--- Validation metrics @10 (best model) ---
  Evaluated 256/138493 users...
  Evaluated 13056/138493 users...
  Evaluated 25856/138493 users...
  Evaluated 38656/138493 users...
  Evaluated 51456/138493 users...
  Evaluated 64256/138493 users...
  Evaluated 77056/138493 users...
  Evaluated 89856/138493 users...
  Evaluated 102656/138493 users...
  Evaluated 115456/138493 users...
  Evaluated 128256/138493 users...
  HR@10: 0.3595
  NDCG@10: 0.2225
  MRR@10: 0.1803

======================================================================
Done!
======================================================================
