======================================================================                                                                                                                                   
SASRec+ Training Script                                                                                                                                                                                  
======================================================================                                                                                                                                   
                                                                                                                                                                                                         
Config:                                                                                                                                                                                                  
  data_path: ../../data/ml-20m.txt                                                                                                                                                                       
  dataset: ml-20m                                                                                                                                                                                        
  data_dir: data                                                                                                                                                                                         
  hidden_units: 256                                                                                                                                                                                      
  num_blocks: 4                                                                                                                                                                                          
  num_heads: 1                                                                                                                                                                                           
  dropout_rate: 0.1                                                                                                                                                                                      
  max_length: 100                                                                                                                                                                                        
  loss: cross_entropy                                                                                                                                                                                    
  num_negatives: None                                                                                                                                                                                    
  full_negative_sampling: False                                                                                                                                                                          
  batch_size: 128                                                                                                                                                                                        
  lr: 0.0001                                                                                                                                                                                             
  max_epochs: 100                                                                                                                                                                                        
  patience: 10                                                                                                                                                                                           
  val_size: 10000                                                                                                                                                                                        
  top_k: [10]                                                                                                                                                                                            
  device: cuda                                                                                                                                                                                           
  num_workers: 4                                                                                                                                                                                         
  seed: 42                                                                                                                                                                                               
  save_dir: baseline_4b_256u                                                                                                                                                                             
  pretrain_path: None                                                                                                                                                                                    
                                                                                                                                                                                                         
Using device: cuda                                                                                                                                                                                       
Loading data from ../../data/ml-20m.txt...                                                                                                                                                               
  Users: 138,493                                                                                                                                                                                         
  Items: 26,744                                                                                                                                                                                          
  Interactions: 20,000,263                                                                                                                                                                               
  Avg seq length: 144.4                                                                                                                                                                                  
  Train users: 138,493                                                                                                                                                                                   
  Val users:   138,493
  Test users:  138,493

Model parameters: 8,455,940

======================================================================
Starting training...
======================================================================

  Evaluated 256/10000 users...
Epoch   1/100 | Loss: 7.4983 | Val HR@10: 0.1338 | Val NDCG@10: 0.0768 | Time: 30.3s * (saved)
  Evaluated 256/10000 users...
Epoch   2/100 | Loss: 6.4937 | Val HR@10: 0.1959 | Val NDCG@10: 0.1133 | Time: 30.0s * (saved)
  Evaluated 256/10000 users...
Epoch   3/100 | Loss: 6.1593 | Val HR@10: 0.2188 | Val NDCG@10: 0.1252 | Time: 30.2s * (saved)
  Evaluated 256/10000 users...
Epoch   4/100 | Loss: 5.9955 | Val HR@10: 0.2380 | Val NDCG@10: 0.1389 | Time: 31.3s * (saved)
  Evaluated 256/10000 users...
Epoch   5/100 | Loss: 5.8936 | Val HR@10: 0.2464 | Val NDCG@10: 0.1462 | Time: 55.6s * (saved)
  Evaluated 256/10000 users...
Epoch   6/100 | Loss: 5.8221 | Val HR@10: 0.2582 | Val NDCG@10: 0.1535 | Time: 69.0s * (saved)
  Evaluated 256/10000 users...
Epoch   7/100 | Loss: 5.7664 | Val HR@10: 0.2606 | Val NDCG@10: 0.1523 | Time: 71.0s
  Evaluated 256/10000 users...
Epoch   8/100 | Loss: 5.7193 | Val HR@10: 0.2766 | Val NDCG@10: 0.1621 | Time: 71.1s * (saved)
  Evaluated 256/10000 users...
Epoch   9/100 | Loss: 5.6802 | Val HR@10: 0.2734 | Val NDCG@10: 0.1607 | Time: 68.7s
  Evaluated 256/10000 users...
Epoch  10/100 | Loss: 5.6462 | Val HR@10: 0.2759 | Val NDCG@10: 0.1634 | Time: 70.3s * (saved)
  Evaluated 256/10000 users...
Epoch  11/100 | Loss: 5.6172 | Val HR@10: 0.2810 | Val NDCG@10: 0.1675 | Time: 69.4s * (saved)
  Evaluated 256/10000 users...
Epoch  12/100 | Loss: 5.5903 | Val HR@10: 0.2888 | Val NDCG@10: 0.1735 | Time: 71.6s * (saved)
  Evaluated 256/10000 users...
Epoch  13/100 | Loss: 5.5668 | Val HR@10: 0.2870 | Val NDCG@10: 0.1742 | Time: 69.5s * (saved)
  Evaluated 256/10000 users...
Epoch  14/100 | Loss: 5.5456 | Val HR@10: 0.2931 | Val NDCG@10: 0.1758 | Time: 68.8s * (saved)
  Evaluated 256/10000 users...
Epoch  15/100 | Loss: 5.5254 | Val HR@10: 0.3024 | Val NDCG@10: 0.1810 | Time: 72.8s * (saved)
  Evaluated 256/10000 users...
Epoch  16/100 | Loss: 5.5074 | Val HR@10: 0.3083 | Val NDCG@10: 0.1839 | Time: 69.7s * (saved)
  Evaluated 256/10000 users...
Epoch  17/100 | Loss: 5.4902 | Val HR@10: 0.3012 | Val NDCG@10: 0.1807 | Time: 65.5s
  Evaluated 256/10000 users...                                           
Epoch  18/100 | Loss: 5.4746 | Val HR@10: 0.3053 | Val NDCG@10: 0.1822 | Time: 71.6s
  Evaluated 256/10000 users...
Epoch  19/100 | Loss: 5.4600 | Val HR@10: 0.3089 | Val NDCG@10: 0.1832 | Time: 376.9s
  Evaluated 256/10000 users...
Epoch  20/100 | Loss: 5.4459 | Val HR@10: 0.3050 | Val NDCG@10: 0.1831 | Time: 69.2s
  Evaluated 256/10000 users...
Epoch  21/100 | Loss: 5.4327 | Val HR@10: 0.3140 | Val NDCG@10: 0.1885 | Time: 71.5s * (saved)
  Evaluated 256/10000 users...
Epoch  22/100 | Loss: 5.4211 | Val HR@10: 0.3115 | Val NDCG@10: 0.1864 | Time: 68.0s
  Evaluated 256/10000 users...
Epoch  23/100 | Loss: 5.4093 | Val HR@10: 0.3115 | Val NDCG@10: 0.1899 | Time: 84.9s * (saved)
  Evaluated 256/10000 users...
Epoch  24/100 | Loss: 5.3988 | Val HR@10: 0.3051 | Val NDCG@10: 0.1839 | Time: 108.3s
  Evaluated 256/10000 users...
Epoch  25/100 | Loss: 5.3880 | Val HR@10: 0.3193 | Val NDCG@10: 0.1901 | Time: 104.8s * (saved)
  Evaluated 256/10000 users...
Epoch  26/100 | Loss: 5.3786 | Val HR@10: 0.3033 | Val NDCG@10: 0.1838 | Time: 106.3s
  Evaluated 256/10000 users...
Epoch  27/100 | Loss: 5.3691 | Val HR@10: 0.3071 | Val NDCG@10: 0.1834 | Time: 105.2s
  Evaluated 256/10000 users...
Epoch  28/100 | Loss: 5.3592 | Val HR@10: 0.3137 | Val NDCG@10: 0.1885 | Time: 106.0s
  Evaluated 256/10000 users...
Epoch  29/100 | Loss: 5.3511 | Val HR@10: 0.3094 | Val NDCG@10: 0.1880 | Time: 104.5s
  Evaluated 256/10000 users...
Epoch  30/100 | Loss: 5.3424 | Val HR@10: 0.3192 | Val NDCG@10: 0.1938 | Time: 105.7s * (saved)
  Evaluated 256/10000 users...                                                                                                                                                                           
Epoch  31/100 | Loss: 5.3350 | Val HR@10: 0.3220 | Val NDCG@10: 0.1956 | Time: 107.3s * (saved)                                                                                                          
  Evaluated 256/10000 users...                                                                                                                                                                           
Epoch  32/100 | Loss: 5.3269 | Val HR@10: 0.3144 | Val NDCG@10: 0.1911 | Time: 103.3s                                                                                                                    
  Evaluated 256/10000 users...                                                                                                                                                                           
Epoch  33/100 | Loss: 5.3193 | Val HR@10: 0.3146 | Val NDCG@10: 0.1911 | Time: 107.1s                                                                                                                    
  Evaluated 256/10000 users...                                                                                                                                                                           
Epoch  34/100 | Loss: 5.3124 | Val HR@10: 0.3174 | Val NDCG@10: 0.1927 | Time: 106.3s                                                                                                                    
  Evaluated 256/10000 users...                                                                                                                                                                           
Epoch  35/100 | Loss: 5.3048 | Val HR@10: 0.3193 | Val NDCG@10: 0.1921 | Time: 103.2s                                                                                                                    
  Evaluated 256/10000 users...                                                                                                                                                                           
Epoch  36/100 | Loss: 5.2985 | Val HR@10: 0.3198 | Val NDCG@10: 0.1916 | Time: 107.2s                                                                                                                    
  Evaluated 256/10000 users...                                                                                                                                                                           
Epoch  37/100 | Loss: 5.2920 | Val HR@10: 0.3142 | Val NDCG@10: 0.1896 | Time: 102.2s
  Evaluated 256/10000 users...
Epoch  38/100 | Loss: 5.2854 | Val HR@10: 0.3236 | Val NDCG@10: 0.1943 | Time: 106.3s
  Evaluated 256/10000 users...
Epoch  39/100 | Loss: 5.2794 | Val HR@10: 0.3161 | Val NDCG@10: 0.1887 | Time: 107.1s
  Evaluated 256/10000 users...
Epoch  40/100 | Loss: 5.2729 | Val HR@10: 0.3252 | Val NDCG@10: 0.1947 | Time: 102.5s
  Evaluated 256/10000 users...
/home/PhantomHaterGrind/zchvma/SASRec/workspace/esasrec/sasrec/train.py:221: FutureWarning: You are using `torch.load` with `weights_only=False` (the current default value), which uses the default pickle module implicitly. It is possible to construct malicious pickle data which will execute arbitrary code during unpickling (See https://github.com/pytorch/pytorch/blob/main/SECURITY.md#untrusted-models for more details). In a future release, the default value for `weights_only` will be flipped to `True`. This limits the functions that could be executed during unpickling. Arbitrary objects will no longer be allowed to be loaded via this mode unless they are explicitly allowlisted by the user via `torch.serialization.add_safe_globals`. We recommend you start setting `weights_only=True` for any use
 case where you don't have full control of the loaded file. Please open an issue on GitHub for any issues related to this experimental feature.
  model.load_state_dict(torch.load(best_path, map_location=device))
Epoch  41/100 | Loss: 5.2676 | Val HR@10: 0.3177 | Val NDCG@10: 0.1908 | Time: 108.0s

Early stopping at epoch 41 (patience=10)

Total training time: 3738.4s (62.3min)
Best validation NDCG@10: 0.1956

======================================================================
Final evaluation on test set (full-catalog ranking)...
======================================================================


--- Test metrics @10 ---
  Evaluated 256/138493 users...
  Evaluated 13056/138493 users...
  Evaluated 25856/138493 users...
  Evaluated 38656/138493 users...
  Evaluated 51456/138493 users...
  Evaluated 64256/138493 users...
  Evaluated 77056/138493 users...
  Evaluated 89856/138493 users...
  Evaluated 102656/138493 users...
  Evaluated 115456/138493 users...
  Evaluated 128256/138493 users...
  HR@10: 0.2861
  NDCG@10: 0.1741
  MRR@10: 0.1399

--- Validation metrics @10 (best model) ---
  Evaluated 256/138493 users...
  Evaluated 13056/138493 users...
  Evaluated 25856/138493 users...
  Evaluated 38656/138493 users...
  Evaluated 51456/138493 users...
  Evaluated 64256/138493 users...
  Evaluated 77056/138493 users...
  Evaluated 89856/138493 users...
  Evaluated 102656/138493 users...
  Evaluated 115456/138493 users...
  Evaluated 128256/138493 users...
  HR@10: 0.3172
  NDCG@10: 0.1917
  MRR@10: 0.1533

======================================================================
Done!
======================================================================
