======================================================================
SASRec+ Training Script
======================================================================

Config:
  data_path: ../../data/ml-20m.txt
  dataset: ml-20m
  data_dir: data
  hidden_units: 256
  num_blocks: 4
  num_heads: 1
  dropout_rate: 0.1
  max_length: 100
  loss: cross_entropy
  num_negatives: None
  full_negative_sampling: False
  batch_size: 256
  lr: 0.0001
  max_epochs: 100
  patience: 10
  val_size: 10000
  top_k: [10]
  device: cuda
  num_workers: 4
  seed: 42
  save_dir: ./baselines_redo/checkpoints_4b
  pretrain_path: None

Using device: cuda
Loading data from ../../data/ml-20m.txt...
  Users: 138,493
  Items: 26,744
  Interactions: 20,000,263
  Avg seq length: 144.4
  Train users: 138,493
  Val users:   138,493
  Test users:  138,493

Model parameters: 8,455,940

======================================================================
Starting training...
======================================================================

  Evaluated 256/10000 users...
Epoch   1/100 | Loss: 7.9183 | Val HR@10: 0.0926 | Val NDCG@10: 0.0508 | Time: 27.5s * (saved)
  Evaluated 256/10000 users...
Epoch   2/100 | Loss: 6.8841 | Val HR@10: 0.1587 | Val NDCG@10: 0.0905 | Time: 29.4s * (saved)
  Evaluated 256/10000 users...
Epoch   3/100 | Loss: 6.4553 | Val HR@10: 0.1829 | Val NDCG@10: 0.1036 | Time: 33.1s * (saved)
  Evaluated 256/10000 users...
Epoch   4/100 | Loss: 6.2176 | Val HR@10: 0.2080 | Val NDCG@10: 0.1216 | Time: 34.3s * (saved)
  Evaluated 256/10000 users...
Epoch   5/100 | Loss: 6.0770 | Val HR@10: 0.2242 | Val NDCG@10: 0.1320 | Time: 30.2s * (saved)
  Evaluated 256/10000 users...
Epoch   6/100 | Loss: 5.9795 | Val HR@10: 0.2396 | Val NDCG@10: 0.1413 | Time: 34.0s * (saved)
  Evaluated 256/10000 users...
Epoch   7/100 | Loss: 5.9076 | Val HR@10: 0.2370 | Val NDCG@10: 0.1387 | Time: 37.4s
  Evaluated 256/10000 users...
Epoch   8/100 | Loss: 5.8516 | Val HR@10: 0.2546 | Val NDCG@10: 0.1494 | Time: 32.0s * (saved)
  Evaluated 256/10000 users...
Epoch   9/100 | Loss: 5.8060 | Val HR@10: 0.2587 | Val NDCG@10: 0.1511 | Time: 30.5s * (saved)
  Evaluated 256/10000 users...
Epoch  10/100 | Loss: 5.7674 | Val HR@10: 0.2611 | Val NDCG@10: 0.1533 | Time: 32.2s * (saved)
  Evaluated 256/10000 users...
Epoch  11/100 | Loss: 5.7338 | Val HR@10: 0.2627 | Val NDCG@10: 0.1550 | Time: 36.9s * (saved)
  Evaluated 256/10000 users...
Epoch  12/100 | Loss: 5.7038 | Val HR@10: 0.2760 | Val NDCG@10: 0.1625 | Time: 29.5s * (saved)
  Evaluated 256/10000 users...
Epoch  13/100 | Loss: 5.6769 | Val HR@10: 0.2709 | Val NDCG@10: 0.1638 | Time: 31.0s * (saved)
  Evaluated 256/10000 users...
Epoch  14/100 | Loss: 5.6526 | Val HR@10: 0.2822 | Val NDCG@10: 0.1651 | Time: 33.3s * (saved)
  Evaluated 256/10000 users...
Epoch  15/100 | Loss: 5.6305 | Val HR@10: 0.2859 | Val NDCG@10: 0.1693 | Time: 40.6s * (saved)
  Evaluated 256/10000 users...
Epoch  16/100 | Loss: 5.6103 | Val HR@10: 0.2917 | Val NDCG@10: 0.1745 | Time: 30.9s * (saved)
  Evaluated 256/10000 users...
Epoch  17/100 | Loss: 5.5907 | Val HR@10: 0.2872 | Val NDCG@10: 0.1717 | Time: 31.4s
  Evaluated 256/10000 users...
Epoch  18/100 | Loss: 5.5732 | Val HR@10: 0.2945 | Val NDCG@10: 0.1751 | Time: 30.5s * (saved)
  Evaluated 256/10000 users...
Epoch  19/100 | Loss: 5.5566 | Val HR@10: 0.2959 | Val NDCG@10: 0.1741 | Time: 33.4s
  Evaluated 256/10000 users...
Epoch  20/100 | Loss: 5.5415 | Val HR@10: 0.2912 | Val NDCG@10: 0.1723 | Time: 37.0s
  Evaluated 256/10000 users...
Epoch  21/100 | Loss: 5.5274 | Val HR@10: 0.3057 | Val NDCG@10: 0.1817 | Time: 30.5s * (saved)
  Evaluated 256/10000 users...
Epoch  22/100 | Loss: 5.5139 | Val HR@10: 0.3016 | Val NDCG@10: 0.1786 | Time: 30.4s
  Evaluated 256/10000 users...
Epoch  23/100 | Loss: 5.5006 | Val HR@10: 0.3028 | Val NDCG@10: 0.1807 | Time: 35.0s
  Evaluated 256/10000 users...
Epoch  24/100 | Loss: 5.4887 | Val HR@10: 0.2951 | Val NDCG@10: 0.1737 | Time: 36.6s
  Evaluated 256/10000 users...
Epoch  25/100 | Loss: 5.4772 | Val HR@10: 0.3116 | Val NDCG@10: 0.1850 | Time: 33.5s * (saved)
  Evaluated 256/10000 users...
Epoch  26/100 | Loss: 5.4664 | Val HR@10: 0.2966 | Val NDCG@10: 0.1761 | Time: 29.0s
  Evaluated 256/10000 users...
Epoch  27/100 | Loss: 5.4560 | Val HR@10: 0.3041 | Val NDCG@10: 0.1801 | Time: 32.6s
  Evaluated 256/10000 users...
Epoch  28/100 | Loss: 5.4459 | Val HR@10: 0.3020 | Val NDCG@10: 0.1802 | Time: 33.5s
  Evaluated 256/10000 users...
Epoch  29/100 | Loss: 5.4366 | Val HR@10: 0.3006 | Val NDCG@10: 0.1810 | Time: 34.6s
  Evaluated 256/10000 users...
Epoch  30/100 | Loss: 5.4274 | Val HR@10: 0.3122 | Val NDCG@10: 0.1884 | Time: 33.0s * (saved)
  Evaluated 256/10000 users...
Epoch  31/100 | Loss: 5.4191 | Val HR@10: 0.3135 | Val NDCG@10: 0.1907 | Time: 34.9s * (saved)
  Evaluated 256/10000 users...
Epoch  32/100 | Loss: 5.4104 | Val HR@10: 0.3053 | Val NDCG@10: 0.1852 | Time: 29.9s
  Evaluated 256/10000 users...
Epoch  33/100 | Loss: 5.4023 | Val HR@10: 0.3052 | Val NDCG@10: 0.1841 | Time: 31.7s
  Evaluated 256/10000 users...
Epoch  34/100 | Loss: 5.3947 | Val HR@10: 0.3066 | Val NDCG@10: 0.1859 | Time: 37.6s
  Evaluated 256/10000 users...
Epoch  35/100 | Loss: 5.3870 | Val HR@10: 0.3115 | Val NDCG@10: 0.1869 | Time: 35.6s
  Evaluated 256/10000 users...
Epoch  36/100 | Loss: 5.3799 | Val HR@10: 0.3100 | Val NDCG@10: 0.1862 | Time: 30.5s
  Evaluated 256/10000 users...
Epoch  37/100 | Loss: 5.3732 | Val HR@10: 0.3058 | Val NDCG@10: 0.1847 | Time: 31.0s
  Evaluated 256/10000 users...
Epoch  38/100 | Loss: 5.3666 | Val HR@10: 0.3151 | Val NDCG@10: 0.1873 | Time: 35.3s
  Evaluated 256/10000 users...
Epoch  39/100 | Loss: 5.3597 | Val HR@10: 0.3089 | Val NDCG@10: 0.1842 | Time: 33.5s
  Evaluated 256/10000 users...
Epoch  40/100 | Loss: 5.3534 | Val HR@10: 0.3180 | Val NDCG@10: 0.1897 | Time: 32.5s
  Evaluated 256/10000 users...
/home/PhantomHaterGrind/zchvma/SASRec/workspace/esasrec/sasrec/train.py:221: FutureWarning: You are using `torch.load` with `weights_only=False` (the current default value), which uses the default pickle module implicitly. It is possible to construct malicious pickle data which will execute arbitrary code during unpickling (See https://github.com/pytorch/pytorch/blob/main/SECURITY.md#untrusted-models for more details). In a future release, the default value for `weights_only` will be flipped to `True`. This limits the functions that could be executed during unpickling. Arbitrary objects will no longer be allowed to be loaded via this mode unless they are explicitly allowlisted by the user via `torch.serialization.add_safe_globals`. We recommend you start setting `weights_only=True` for any use case where you don't have full control of the loaded file. Please open an issue on GitHub for any issues related to this experimental feature.
  model.load_state_dict(torch.load(best_path, map_location=device))
Epoch  41/100 | Loss: 5.3474 | Val HR@10: 0.3137 | Val NDCG@10: 0.1882 | Time: 31.1s

Early stopping at epoch 41 (patience=10)

Total training time: 1400.1s (23.3min)
Best validation NDCG@10: 0.1907

======================================================================
Final evaluation on test set (full-catalog ranking)...
======================================================================


--- Test metrics @10 ---
  Evaluated 256/138493 users...
  Evaluated 13056/138493 users...
  Evaluated 25856/138493 users...
  Evaluated 38656/138493 users...
  Evaluated 51456/138493 users...
  Evaluated 64256/138493 users...
  Evaluated 77056/138493 users...
  Evaluated 89856/138493 users...
  Evaluated 102656/138493 users...
  Evaluated 115456/138493 users...
  Evaluated 128256/138493 users...
  HR@10: 0.2762
  NDCG@10: 0.1672
  MRR@10: 0.1339

--- Validation metrics @10 (best model) ---
  Evaluated 256/138493 users...
  Evaluated 13056/138493 users...
  Evaluated 25856/138493 users...
  Evaluated 38656/138493 users...
  Evaluated 51456/138493 users...
  Evaluated 64256/138493 users...
  Evaluated 77056/138493 users...
  Evaluated 89856/138493 users...
  Evaluated 102656/138493 users...
  Evaluated 115456/138493 users...
  Evaluated 128256/138493 users...
  HR@10: 0.3082
  NDCG@10: 0.1852
  MRR@10: 0.1475

======================================================================
Done!
======================================================================
